// Jest Snapshot v1, https://goo.gl/fbAQLP

exports[`Link changes the class when hovered 1`] = `
<div
  className="hello_world"
>
  <img
    src="test-file-stub"
  />
  <div
    className="stuff"
  >
    0
     : counter qwe
  </div>
</div>
`;
